08Jul26.07:32:09 UpdateOTS.sh:702  	 log start:
08Jul26.07:32:10 UpdateOTS.sh:741  	 ==================
/home/mu2eshift/ots_ops_stm/srcs/otsdaq-components
On branch develop
Your branch is up to date with 'origin/develop'.

nothing to commit, working tree clean
08Jul26.07:32:10 UpdateOTS.sh:741  	 ==================
/home/mu2eshift/ots_ops_stm/srcs/otsdaq-epics
On branch develop
Your branch is up to date with 'origin/develop'.

nothing to commit, working tree clean
08Jul26.07:32:10 UpdateOTS.sh:741  	 ==================
/home/mu2eshift/ots_ops_stm/srcs/otsdaq-suite
On branch develop
Your branch is up to date with 'origin/develop'.

nothing to commit, working tree clean
08Jul26.07:32:11 UpdateOTS.sh:741  	 ==================
/home/mu2eshift/ots_ops_stm/srcs/otsdaq-utilities
On branch rrivera/guiImprovementsJun2026
Your branch is up to date with 'origin/rrivera/guiImprovementsJun2026'.

nothing to commit, working tree clean
08Jul26.07:32:12 UpdateOTS.sh:741  	 ==================
/home/mu2eshift/ots_ops_stm/srcs/otsdaq
On branch rrivera/fixFSMResponsivenessOnAsyncFail
Your branch is ahead of 'origin/rrivera/fixFSMResponsivenessOnAsyncFail' by 22 commits.
  (use "git push" to publish your local commits)

Untracked files:
  (use "git add <file>..." to include in what will be committed)
	.tmpLogFile

nothing added to commit but untracked files present (use "git add" to track)
